// Jest Snapshot v1, https://goo.gl/fbAQLP

exports[`Store unit tests should match snapshot when created 1`] = `
ModelType$$1 {
  "flags": 128,
  "identifierAttribute": undefined,
  "initializers": Array [
    [Function],
    [Function],
  ],
  "isType": true,
  "name": "store",
  "postProcessor": undefined,
  "preProcessor": undefined,
  "properties": Object {
    "albums": OptionalValue$$1 {
      "defaultValue": Array [],
      "isType": true,
      "name": "Album[]",
      "type": ArrayType$$1 {
        "flags": 32,
        "isType": true,
        "name": "Album[]",
        "shouldAttachNode": true,
        "subType": ModelType$$1 {
          "flags": 128,
          "identifierAttribute": undefined,
          "initializers": Array [],
          "isType": true,
          "name": "Album",
          "properties": Object {
            "id": CoreType$$1 {
              "checker": [Function],
              "flags": 2,
              "initializer": [Function],
              "isType": true,
              "name": "number",
              "shouldAttachNode": false,
            },
            "photos": OptionalValue$$1 {
              "defaultValue": Array [],
              "isType": true,
              "name": "Photo[]",
              "type": ArrayType$$1 {
                "flags": 32,
                "isType": true,
                "name": "Photo[]",
                "shouldAttachNode": true,
                "subType": ModelType$$1 {
                  "flags": 128,
                  "identifierAttribute": undefined,
                  "initializers": Array [],
                  "isType": true,
                  "name": "Photo",
                  "properties": Object {
                    "albumId": CoreType$$1 {
                      "checker": [Function],
                      "flags": 2,
                      "initializer": [Function],
                      "isType": true,
                      "name": "number",
                      "shouldAttachNode": false,
                    },
                    "id": CoreType$$1 {
                      "checker": [Function],
                      "flags": 2,
                      "initializer": [Function],
                      "isType": true,
                      "name": "number",
                      "shouldAttachNode": false,
                    },
                    "thumbnailUrl": OptionalValue$$1 {
                      "defaultValue": "",
                      "isType": true,
                      "name": "string",
                      "type": CoreType$$1 {
                        "checker": [Function],
                        "flags": 1,
                        "initializer": [Function],
                        "isType": true,
                        "name": "string",
                        "shouldAttachNode": false,
                      },
                    },
                    "title": OptionalValue$$1 {
                      "defaultValue": "",
                      "isType": true,
                      "name": "string",
                      "type": CoreType$$1 {
                        "checker": [Function],
                        "flags": 1,
                        "initializer": [Function],
                        "isType": true,
                        "name": "string",
                        "shouldAttachNode": false,
                      },
                    },
                    "url": OptionalValue$$1 {
                      "defaultValue": "",
                      "isType": true,
                      "name": "string",
                      "type": CoreType$$1 {
                        "checker": [Function],
                        "flags": 1,
                        "initializer": [Function],
                        "isType": true,
                        "name": "string",
                        "shouldAttachNode": false,
                      },
                    },
                  },
                  "propertyNames": Array [
                    "albumId",
                    "id",
                    "title",
                    "url",
                    "thumbnailUrl",
                  ],
                  "shouldAttachNode": true,
                },
              },
            },
            "title": CoreType$$1 {
              "checker": [Function],
              "flags": 1,
              "initializer": [Function],
              "isType": true,
              "name": "string",
              "shouldAttachNode": false,
            },
            "userId": CoreType$$1 {
              "checker": [Function],
              "flags": 2,
              "initializer": [Function],
              "isType": true,
              "name": "number",
              "shouldAttachNode": false,
            },
          },
          "propertyNames": Array [
            "id",
            "userId",
            "title",
            "photos",
          ],
          "shouldAttachNode": true,
        },
      },
    },
    "posts": OptionalValue$$1 {
      "defaultValue": Array [],
      "isType": true,
      "name": "Post[]",
      "type": ArrayType$$1 {
        "flags": 32,
        "isType": true,
        "name": "Post[]",
        "shouldAttachNode": true,
        "subType": ModelType$$1 {
          "flags": 128,
          "identifierAttribute": undefined,
          "initializers": Array [],
          "isType": true,
          "name": "Post",
          "properties": Object {
            "body": CoreType$$1 {
              "checker": [Function],
              "flags": 1,
              "initializer": [Function],
              "isType": true,
              "name": "string",
              "shouldAttachNode": false,
            },
            "comments": OptionalValue$$1 {
              "defaultValue": Array [],
              "isType": true,
              "name": "Comments[]",
              "type": ArrayType$$1 {
                "flags": 32,
                "isType": true,
                "name": "Comments[]",
                "shouldAttachNode": true,
                "subType": ModelType$$1 {
                  "flags": 128,
                  "identifierAttribute": undefined,
                  "initializers": Array [],
                  "isType": true,
                  "name": "Comments",
                  "properties": Object {
                    "body": OptionalValue$$1 {
                      "defaultValue": "",
                      "isType": true,
                      "name": "string",
                      "type": CoreType$$1 {
                        "checker": [Function],
                        "flags": 1,
                        "initializer": [Function],
                        "isType": true,
                        "name": "string",
                        "shouldAttachNode": false,
                      },
                    },
                    "email": OptionalValue$$1 {
                      "defaultValue": "",
                      "isType": true,
                      "name": "string",
                      "type": CoreType$$1 {
                        "checker": [Function],
                        "flags": 1,
                        "initializer": [Function],
                        "isType": true,
                        "name": "string",
                        "shouldAttachNode": false,
                      },
                    },
                    "id": CoreType$$1 {
                      "checker": [Function],
                      "flags": 2,
                      "initializer": [Function],
                      "isType": true,
                      "name": "number",
                      "shouldAttachNode": false,
                    },
                    "name": OptionalValue$$1 {
                      "defaultValue": "",
                      "isType": true,
                      "name": "string",
                      "type": CoreType$$1 {
                        "checker": [Function],
                        "flags": 1,
                        "initializer": [Function],
                        "isType": true,
                        "name": "string",
                        "shouldAttachNode": false,
                      },
                    },
                    "postId": CoreType$$1 {
                      "checker": [Function],
                      "flags": 2,
                      "initializer": [Function],
                      "isType": true,
                      "name": "number",
                      "shouldAttachNode": false,
                    },
                  },
                  "propertyNames": Array [
                    "postId",
                    "id",
                    "name",
                    "email",
                    "body",
                  ],
                  "shouldAttachNode": true,
                },
              },
            },
            "id": CoreType$$1 {
              "checker": [Function],
              "flags": 2,
              "initializer": [Function],
              "isType": true,
              "name": "number",
              "shouldAttachNode": false,
            },
            "title": CoreType$$1 {
              "checker": [Function],
              "flags": 1,
              "initializer": [Function],
              "isType": true,
              "name": "string",
              "shouldAttachNode": false,
            },
            "userId": CoreType$$1 {
              "checker": [Function],
              "flags": 2,
              "initializer": [Function],
              "isType": true,
              "name": "number",
              "shouldAttachNode": false,
            },
          },
          "propertyNames": Array [
            "id",
            "userId",
            "title",
            "body",
            "comments",
          ],
          "shouldAttachNode": true,
        },
      },
    },
    "toggle": OptionalValue$$1 {
      "defaultValue": false,
      "isType": true,
      "name": "boolean",
      "type": CoreType$$1 {
        "checker": [Function],
        "flags": 4,
        "initializer": [Function],
        "isType": true,
        "name": "boolean",
        "shouldAttachNode": false,
      },
    },
  },
  "propertyNames": Array [
    "albums",
    "posts",
    "toggle",
  ],
  "shouldAttachNode": true,
}
`;
